################################################################################
#                                                                              #
#      IAR Universal Linker V6.4.6.89                                          #
#                                                                              #
#           Link time     =  10/Apr/2025  16:04:49                             #
#           Target CPU    =  MSP430                                            #
#           List file     =  D:\download\Alphasense_Fixture_V2_24pin\Alphasens #
#                            e_Fixture_V2_24pin\Alphasense_Fixtrue_V1\Debug\Li #
#                            st\Alphasense_Fixtrue_V1.map                      #
#           Output file 1 =  D:\download\Alphasense_Fixture_V2_24pin\Alphasens #
#                            e_Fixture_V2_24pin\Alphasense_Fixtrue_V1\Debug\Ex #
#                            e\Alphasense_Fixtrue_V1.txt                       #
#                            Format: ubrof10                                   #
#                            UBROF version 10.0.6                              #
#                            Using library modules for C-SPY (-rt)             #
#           Command line  =  D:\download\Alphasense_Fixture_V2_24pin\Alphasens #
#                            e_Fixture_V2_24pin\Alphasense_Fixtrue_V1\Debug\Ob #
#                            j\adc10_a.r43                                     #
#                            D:\download\Alphasense_Fixture_V2_24pin\Alphasens #
#                            e_Fixture_V2_24pin\Alphasense_Fixtrue_V1\Debug\Ob #
#                            j\adc12_a.r43                                     #
#                            D:\download\Alphasense_Fixture_V2_24pin\Alphasens #
#                            e_Fixture_V2_24pin\Alphasense_Fixtrue_V1\Debug\Ob #
#                            j\aes.r43                                         #
#                            D:\download\Alphasense_Fixture_V2_24pin\Alphasens #
#                            e_Fixture_V2_24pin\Alphasense_Fixtrue_V1\Debug\Ob #
#                            j\battbak.r43                                     #
#                            D:\download\Alphasense_Fixture_V2_24pin\Alphasens #
#                            e_Fixture_V2_24pin\Alphasense_Fixtrue_V1\Debug\Ob #
#                            j\comp_b.r43                                      #
#                            D:\download\Alphasense_Fixture_V2_24pin\Alphasens #
#                            e_Fixture_V2_24pin\Alphasense_Fixtrue_V1\Debug\Ob #
#                            j\crc.r43                                         #
#                            D:\download\Alphasense_Fixture_V2_24pin\Alphasens #
#                            e_Fixture_V2_24pin\Alphasense_Fixtrue_V1\Debug\Ob #
#                            j\crc2.r43                                        #
#                            D:\download\Alphasense_Fixture_V2_24pin\Alphasens #
#                            e_Fixture_V2_24pin\Alphasense_Fixtrue_V1\Debug\Ob #
#                            j\ctsd16.r43                                      #
#                            D:\download\Alphasense_Fixture_V2_24pin\Alphasens #
#                            e_Fixture_V2_24pin\Alphasense_Fixtrue_V1\Debug\Ob #
#                            j\dac12_a.r43                                     #
#                            D:\download\Alphasense_Fixture_V2_24pin\Alphasens #
#                            e_Fixture_V2_24pin\Alphasense_Fixtrue_V1\Debug\Ob #
#                            j\dma.r43                                         #
#                            D:\download\Alphasense_Fixture_V2_24pin\Alphasens #
#                            e_Fixture_V2_24pin\Alphasense_Fixtrue_V1\Debug\Ob #
#                            j\eusci_a_spi.r43                                 #
#                            D:\download\Alphasense_Fixture_V2_24pin\Alphasens #
#                            e_Fixture_V2_24pin\Alphasense_Fixtrue_V1\Debug\Ob #
#                            j\eusci_a_uart.r43                                #
#                            D:\download\Alphasense_Fixture_V2_24pin\Alphasens #
#                            e_Fixture_V2_24pin\Alphasense_Fixtrue_V1\Debug\Ob #
#                            j\eusci_b_i2c.r43                                 #
#                            D:\download\Alphasense_Fixture_V2_24pin\Alphasens #
#                            e_Fixture_V2_24pin\Alphasense_Fixtrue_V1\Debug\Ob #
#                            j\eusci_b_spi.r43                                 #
#                            D:\download\Alphasense_Fixture_V2_24pin\Alphasens #
#                            e_Fixture_V2_24pin\Alphasense_Fixtrue_V1\Debug\Ob #
#                            j\flashctl.r43                                    #
#                            D:\download\Alphasense_Fixture_V2_24pin\Alphasens #
#                            e_Fixture_V2_24pin\Alphasense_Fixtrue_V1\Debug\Ob #
#                            j\gpio.r43                                        #
#                            D:\download\Alphasense_Fixture_V2_24pin\Alphasens #
#                            e_Fixture_V2_24pin\Alphasense_Fixtrue_V1\Debug\Ob #
#                            j\hal_aecl_4e_ec_gases.r43                        #
#                            D:\download\Alphasense_Fixture_V2_24pin\Alphasens #
#                            e_Fixture_V2_24pin\Alphasense_Fixtrue_V1\Debug\Ob #
#                            j\hal_eusci_b_i2c.r43                             #
#                            D:\download\Alphasense_Fixture_V2_24pin\Alphasens #
#                            e_Fixture_V2_24pin\Alphasense_Fixtrue_V1\Debug\Ob #
#                            j\hal_uart_txrx.r43                               #
#                            D:\download\Alphasense_Fixture_V2_24pin\Alphasens #
#                            e_Fixture_V2_24pin\Alphasense_Fixtrue_V1\Debug\Ob #
#                            j\lcd_b.r43                                       #
#                            D:\download\Alphasense_Fixture_V2_24pin\Alphasens #
#                            e_Fixture_V2_24pin\Alphasense_Fixtrue_V1\Debug\Ob #
#                            j\ldopwr.r43                                      #
#                            D:\download\Alphasense_Fixture_V2_24pin\Alphasens #
#                            e_Fixture_V2_24pin\Alphasense_Fixtrue_V1\Debug\Ob #
#                            j\main.r43                                        #
#                            D:\download\Alphasense_Fixture_V2_24pin\Alphasens #
#                            e_Fixture_V2_24pin\Alphasense_Fixtrue_V1\Debug\Ob #
#                            j\mpy32.r43                                       #
#                            D:\download\Alphasense_Fixture_V2_24pin\Alphasens #
#                            e_Fixture_V2_24pin\Alphasense_Fixtrue_V1\Debug\Ob #
#                            j\oa.r43                                          #
#                            D:\download\Alphasense_Fixture_V2_24pin\Alphasens #
#                            e_Fixture_V2_24pin\Alphasense_Fixtrue_V1\Debug\Ob #
#                            j\peripheral_abstraction.r43                      #
#                            D:\download\Alphasense_Fixture_V2_24pin\Alphasens #
#                            e_Fixture_V2_24pin\Alphasense_Fixtrue_V1\Debug\Ob #
#                            j\pmap.r43                                        #
#                            D:\download\Alphasense_Fixture_V2_24pin\Alphasens #
#                            e_Fixture_V2_24pin\Alphasense_Fixtrue_V1\Debug\Ob #
#                            j\pmm.r43                                         #
#                            D:\download\Alphasense_Fixture_V2_24pin\Alphasens #
#                            e_Fixture_V2_24pin\Alphasense_Fixtrue_V1\Debug\Ob #
#                            j\ram.r43                                         #
#                            D:\download\Alphasense_Fixture_V2_24pin\Alphasens #
#                            e_Fixture_V2_24pin\Alphasense_Fixtrue_V1\Debug\Ob #
#                            j\ref.r43                                         #
#                            D:\download\Alphasense_Fixture_V2_24pin\Alphasens #
#                            e_Fixture_V2_24pin\Alphasense_Fixtrue_V1\Debug\Ob #
#                            j\rtc_a.r43                                       #
#                            D:\download\Alphasense_Fixture_V2_24pin\Alphasens #
#                            e_Fixture_V2_24pin\Alphasense_Fixtrue_V1\Debug\Ob #
#                            j\rtc_b.r43                                       #
#                            D:\download\Alphasense_Fixture_V2_24pin\Alphasens #
#                            e_Fixture_V2_24pin\Alphasense_Fixtrue_V1\Debug\Ob #
#                            j\rtc_c.r43                                       #
#                            D:\download\Alphasense_Fixture_V2_24pin\Alphasens #
#                            e_Fixture_V2_24pin\Alphasense_Fixtrue_V1\Debug\Ob #
#                            j\sd24_b.r43                                      #
#                            D:\download\Alphasense_Fixture_V2_24pin\Alphasens #
#                            e_Fixture_V2_24pin\Alphasense_Fixtrue_V1\Debug\Ob #
#                            j\select_port.r43                                 #
#                            D:\download\Alphasense_Fixture_V2_24pin\Alphasens #
#                            e_Fixture_V2_24pin\Alphasense_Fixtrue_V1\Debug\Ob #
#                            j\sensor_abstraction.r43                          #
#                            D:\download\Alphasense_Fixture_V2_24pin\Alphasens #
#                            e_Fixture_V2_24pin\Alphasense_Fixtrue_V1\Debug\Ob #
#                            j\sfr.r43                                         #
#                            D:\download\Alphasense_Fixture_V2_24pin\Alphasens #
#                            e_Fixture_V2_24pin\Alphasense_Fixtrue_V1\Debug\Ob #
#                            j\sht3x_native.r43                                #
#                            D:\download\Alphasense_Fixture_V2_24pin\Alphasens #
#                            e_Fixture_V2_24pin\Alphasense_Fixtrue_V1\Debug\Ob #
#                            j\sysctl.r43                                      #
#                            D:\download\Alphasense_Fixture_V2_24pin\Alphasens #
#                            e_Fixture_V2_24pin\Alphasense_Fixtrue_V1\Debug\Ob #
#                            j\system.r43                                      #
#                            D:\download\Alphasense_Fixture_V2_24pin\Alphasens #
#                            e_Fixture_V2_24pin\Alphasense_Fixtrue_V1\Debug\Ob #
#                            j\task.r43                                        #
#                            D:\download\Alphasense_Fixture_V2_24pin\Alphasens #
#                            e_Fixture_V2_24pin\Alphasense_Fixtrue_V1\Debug\Ob #
#                            j\tec.r43                                         #
#                            D:\download\Alphasense_Fixture_V2_24pin\Alphasens #
#                            e_Fixture_V2_24pin\Alphasense_Fixtrue_V1\Debug\Ob #
#                            j\timer_a.r43                                     #
#                            D:\download\Alphasense_Fixture_V2_24pin\Alphasens #
#                            e_Fixture_V2_24pin\Alphasense_Fixtrue_V1\Debug\Ob #
#                            j\timer_b.r43                                     #
#                            D:\download\Alphasense_Fixture_V2_24pin\Alphasens #
#                            e_Fixture_V2_24pin\Alphasense_Fixtrue_V1\Debug\Ob #
#                            j\timer_d.r43                                     #
#                            D:\download\Alphasense_Fixture_V2_24pin\Alphasens #
#                            e_Fixture_V2_24pin\Alphasense_Fixtrue_V1\Debug\Ob #
#                            j\tlv.r43                                         #
#                            D:\download\Alphasense_Fixture_V2_24pin\Alphasens #
#                            e_Fixture_V2_24pin\Alphasense_Fixtrue_V1\Debug\Ob #
#                            j\ucs.r43                                         #
#                            D:\download\Alphasense_Fixture_V2_24pin\Alphasens #
#                            e_Fixture_V2_24pin\Alphasense_Fixtrue_V1\Debug\Ob #
#                            j\ui_command.r43                                  #
#                            D:\download\Alphasense_Fixture_V2_24pin\Alphasens #
#                            e_Fixture_V2_24pin\Alphasense_Fixtrue_V1\Debug\Ob #
#                            j\usci_a_spi.r43                                  #
#                            D:\download\Alphasense_Fixture_V2_24pin\Alphasens #
#                            e_Fixture_V2_24pin\Alphasense_Fixtrue_V1\Debug\Ob #
#                            j\usci_a_uart.r43                                 #
#                            D:\download\Alphasense_Fixture_V2_24pin\Alphasens #
#                            e_Fixture_V2_24pin\Alphasense_Fixtrue_V1\Debug\Ob #
#                            j\usci_b_i2c.r43                                  #
#                            D:\download\Alphasense_Fixture_V2_24pin\Alphasens #
#                            e_Fixture_V2_24pin\Alphasense_Fixtrue_V1\Debug\Ob #
#                            j\usci_b_spi.r43                                  #
#                            D:\download\Alphasense_Fixture_V2_24pin\Alphasens #
#                            e_Fixture_V2_24pin\Alphasense_Fixtrue_V1\Debug\Ob #
#                            j\wdt_a.r43                                       #
#                            -o                                                #
#                            D:\download\Alphasense_Fixture_V2_24pin\Alphasens #
#                            e_Fixture_V2_24pin\Alphasense_Fixtrue_V1\Debug\Ex #
#                            e\Alphasense_Fixtrue_V1.txt                       #
#                            -l                                                #
#                            D:\download\Alphasense_Fixture_V2_24pin\Alphasens #
#                            e_Fixture_V2_24pin\Alphasense_Fixtrue_V1\Debug\Li #
#                            st\Alphasense_Fixtrue_V1.map                      #
#                            -xmsn                                             #
#                            "-IC:\Program Files (x86)\IAR Systems\Embedded Wo #
#                            rkbench 7.4_2\430\LIB\"                           #
#                            -f                                                #
#                            "C:\Program Files (x86)\IAR Systems\Embedded Work #
#                            bench 7.4_2\430\config\linker\lnk430f6726a.xcl"   #
#                            (-cmsp430 -QCODE_I=CODE_ID -QTLS16_I=TLS16_ID     #
#                            -D__iar_HWMUL=4C0 -Z(CONST)INFO=1800-19FF         #
#                            -Z(CONST)INFOA=1980-19FF                          #
#                            -Z(CONST)INFOB=1900-197F                          #
#                            -Z(CONST)INFOC=1880-18FF                          #
#                            -Z(CONST)INFOD=1800-187F                          #
#                            -Z(DATA)DATA16_I,DATA16_Z,DATA16_N,TLS16_I=1C00-3 #
#                            BFF                                               #
#                            -Z(DATA)DATA16_HEAP+_DATA16_HEAP_SIZE             #
#                            -Z(DATA)CODE_I                                    #
#                            -Z(DATA)DATA20_I,DATA20_Z,DATA20_N,DATA20_HEAP+_D #
#                            ATA20_HEAP_SIZE                                   #
#                            -Z(DATA)CSTACK+_STACK_SIZE#                       #
#                            -Z(CONST)DATA16_C,DATA16_ID,TLS16_ID,DIFUNCT,CHEC #
#                            KSUM=4000-FF7F                                    #
#                            -Z(CODE)CSTART,ISR_CODE,CODE16=4000-FF7F          #
#                            -P(CODE)CODE=4000-FF7F,10000-23FFF                #
#                            -Z(CONST)DATA20_C,DATA20_ID,CODE_ID=4000-FF7F,100 #
#                            40-23FFF                                          #
#                            -Z(CODE)INTVEC=FF80-FFFF                          #
#                            -Z(CODE)RESET=FFFE-FFFF) -f                       #
#                            "C:\Program Files (x86)\IAR Systems\Embedded Work #
#                            bench 7.4_2\430\config\linker\multiplier32.xcl"   #
#                            (-e?Mul8Hw=?Mul8 -e?Mul16Hw=?Mul16                #
#                            -e?Mul16to32uHw=?Mul16to32u                       #
#                            -e?Mul16to32sHw=?Mul16to32s -e?Mul32Hw32=?Mul32   #
#                            -e?Mul64Hw32=_Mul64i                              #
#                            -e?Mul32u32uto64iHw32=_Mul32u32uto64i             #
#                            -e?Mul32fHw32=_Mul32f                             #
#                            -e_Mul64fHw32Ptr=_Mul64fPtr) -D_STACK_SIZE=600    #
#                            -rt                                               #
#                            "C:\Program Files (x86)\IAR Systems\Embedded Work #
#                            bench 7.4_2\430\lib\dlib\dl430xlsfn.r43"          #
#                            -D_DATA16_HEAP_SIZE=100 -s __program_start        #
#                            -D_DATA20_HEAP_SIZE=50 --log_file                 #
#                            D:\download\Alphasense_Fixture_V2_24pin\Alphasens #
#                            e_Fixture_V2_24pin\Alphasense_Fixtrue_V1\Debug\Li #
#                            st\Alphasense_Fixtrue.xlink.log                   #
#                            --log stack_usage --enable_stack_usage            #
#                            --call_graph                                      #
#                            D:\download\Alphasense_Fixture_V2_24pin\Alphasens #
#                            e_Fixture_V2_24pin\Alphasense_Fixtrue_V1\Debug\Li #
#                            st\Alphasense_Fixtrue.call_graph.cgx              #
#                                                                              #
#                           Copyright (C) 1987-2016 IAR Systems AB.            #
################################################################################





                ****************************************
                *                                      *
                *           CROSS REFERENCE            *
                *                                      *
                ****************************************

       Program entry at :           4F76  Relocatable, from module : ?cstart




                ****************************************
                *                                      *
                *            RUNTIME MODEL             *
                *                                      *
                ****************************************

  __Heap_Handler             = Basic
  __SystemLibrary            = DLib
  __code_model               = large
  __core                     = 430X
  __data_model               = small
  __dlib_file_descriptor     = 0
  __dlib_full_locale_support = 0
  __double_size              = 32
  __pic                      = no
  __reg_r4                   = free
  __reg_r5                   = free
  __rt_version               = 3

                ****************************************
                *                                      *
                *    AUTOMATIC SYMBOL REDIRECTIONS     *
                *                                      *
                ****************************************

       All references to: _Printf
         were redirected to: _PrintfLargeNoMb



                ****************************************
                *                                      *
                *              MODULE MAP              *
                *                                      *
                ****************************************


  DEFINED ABSOLUTE ENTRIES
    *************************************************************************

  DEFINED ABSOLUTE ENTRIES
  PROGRAM MODULE, NAME : ?ABS_ENTRY_MOD

Absolute parts
           ENTRY                   ADDRESS         REF BY
           =====                   =======         ======
           _DATA20_HEAP_SIZE       0050 
           _DATA16_HEAP_SIZE       0100 
           _STACK_SIZE             0600 
           __iar_HWMUL             04C0            ?Mul16to32sHw (?Mul16to32sHw)
                                                   ?Mul32fHw32 (?Mul32fHw32)
                                                   ?Mul64Hw32 (?Mul64Hw32)
                                                   Segment part 1 (?Mul8Hw)
                                                   command_Write_BSN (ui_command)
    *************************************************************************

  FILE NAME : D:\download\Alphasense_Fixture_V2_24pin\Alphasense_Fixture_V2_24pin\Alphasense_Fixtrue_V1\Debug\Obj\adc10_a.r43
    *************************************************************************

  FILE NAME : D:\download\Alphasense_Fixture_V2_24pin\Alphasense_Fixture_V2_24pin\Alphasense_Fixtrue_V1\Debug\Obj\adc12_a.r43
    *************************************************************************

  FILE NAME : D:\download\Alphasense_Fixture_V2_24pin\Alphasense_Fixture_V2_24pin\Alphasense_Fixtrue_V1\Debug\Obj\aes.r43
    *************************************************************************

  FILE NAME : D:\download\Alphasense_Fixture_V2_24pin\Alphasense_Fixture_V2_24pin\Alphasense_Fixtrue_V1\Debug\Obj\battbak.r43
    *************************************************************************

  FILE NAME : D:\download\Alphasense_Fixture_V2_24pin\Alphasense_Fixture_V2_24pin\Alphasense_Fixtrue_V1\Debug\Obj\comp_b.r43
    *************************************************************************

  FILE NAME : D:\download\Alphasense_Fixture_V2_24pin\Alphasense_Fixture_V2_24pin\Alphasense_Fixtrue_V1\Debug\Obj\crc.r43
    *************************************************************************

  FILE NAME : D:\download\Alphasense_Fixture_V2_24pin\Alphasense_Fixture_V2_24pin\Alphasense_Fixtrue_V1\Debug\Obj\crc2.r43
    *************************************************************************

  FILE NAME : D:\download\Alphasense_Fixture_V2_24pin\Alphasense_Fixture_V2_24pin\Alphasense_Fixtrue_V1\Debug\Obj\ctsd16.r43
    *************************************************************************

  FILE NAME : D:\download\Alphasense_Fixture_V2_24pin\Alphasense_Fixture_V2_24pin\Alphasense_Fixtrue_V1\Debug\Obj\dac12_a.r43
    *************************************************************************

  FILE NAME : D:\download\Alphasense_Fixture_V2_24pin\Alphasense_Fixture_V2_24pin\Alphasense_Fixtrue_V1\Debug\Obj\dma.r43
    *************************************************************************

  FILE NAME : D:\download\Alphasense_Fixture_V2_24pin\Alphasense_Fixture_V2_24pin\Alphasense_Fixtrue_V1\Debug\Obj\eusci_a_spi.r43
    *************************************************************************

  FILE NAME : D:\download\Alphasense_Fixture_V2_24pin\Alphasense_Fixture_V2_24pin\Alphasense_Fixtrue_V1\Debug\Obj\eusci_a_uart.r43
  PROGRAM MODULE, NAME : eusci_a_uart

  SEGMENTS IN THE MODULE
  ======================
<CODE> 1 (was CODE)
  Relative segment, address: A038 - A0F3 (0xbc bytes), align: 1
  Segment part 2.
           ENTRY                   ADDRESS         REF BY
           =====                   =======         ======
           EUSCI_A_UART_init       A038            hal_uart_txrx_init (hal_uart_txrx)
    -------------------------------------------------------------------------
<CODE> 1 (was CODE)
  Relative segment, address: B1B8 - B1D7 (0x20 bytes), align: 1
  Segment part 5.
           ENTRY                   ADDRESS         REF BY
           =====                   =======         ======
           EUSCI_A_UART_enableInterrupt
                                   B1B8            hal_uart_txrx_init (hal_uart_txrx)
    -------------------------------------------------------------------------
<CODE> 1 (was CODE)
  Relative segment, address: B40A - B415 (0xc bytes), align: 1
  Segment part 8.
           ENTRY                   ADDRESS         REF BY
           =====                   =======         ======
           EUSCI_A_UART_clearInterrupt
                                   B40A            hal_uart_txrx_init (hal_uart_txrx)
    -------------------------------------------------------------------------
<CODE> 1 (was CODE)
  Relative segment, address: B442 - B447 (0x6 bytes), align: 1
  Segment part 9.
           ENTRY                   ADDRESS         REF BY
           =====                   =======         ======
           EUSCI_A_UART_enable     B442            hal_uart_txrx_init (hal_uart_txrx)

    *************************************************************************

  FILE NAME : D:\download\Alphasense_Fixture_V2_24pin\Alphasense_Fixture_V2_24pin\Alphasense_Fixtrue_V1\Debug\Obj\eusci_b_i2c.r43
    *************************************************************************

  FILE NAME : D:\download\Alphasense_Fixture_V2_24pin\Alphasense_Fixture_V2_24pin\Alphasense_Fixtrue_V1\Debug\Obj\eusci_b_spi.r43
    *************************************************************************

  FILE NAME : D:\download\Alphasense_Fixture_V2_24pin\Alphasense_Fixture_V2_24pin\Alphasense_Fixtrue_V1\Debug\Obj\flashctl.r43
    *************************************************************************

  FILE NAME : D:\download\Alphasense_Fixture_V2_24pin\Alphasense_Fixture_V2_24pin\Alphasense_Fixtrue_V1\Debug\Obj\gpio.r43
  PROGRAM MODULE, NAME : gpio

  SEGMENTS IN THE MODULE
  ======================
DATA16_C
  Relative segment, address: 4000 - 401B (0x1c bytes), align: 1
  Segment part 2.             Intra module refs:   GPIO_setAsOutputPin
                                                   GPIO_setAsPeripheralModuleFunctionInputPin
                                                   GPIO_setOutputHighOnPin
                                                   GPIO_setOutputLowOnPin
           LOCAL                   ADDRESS         
           =====                   =======         
           GPIO_PORT_TO_BASE       4000 
    -------------------------------------------------------------------------
<CODE> 1 (was CODE)
  Relative segment, address: AFDC - B005 (0x2a bytes), align: 1
  Segment part 3.
           ENTRY                   ADDRESS         REF BY
           =====                   =======         ======
           GPIO_setAsOutputPin     AFDC            Reset_switch_init (peripheral_abstraction)
    -------------------------------------------------------------------------
<CODE> 1 (was CODE)
  Relative segment, address: AFB2 - AFDB (0x2a bytes), align: 1
  Segment part 6.
           ENTRY                   ADDRESS         REF BY
           =====                   =======         ======
           GPIO_setAsPeripheralModuleFunctionInputPin
                                   AFB2            hal_uart_txrx_init (hal_uart_txrx)
    -------------------------------------------------------------------------
<CODE> 1 (was CODE)
  Relative segment, address: B1D8 - B1F7 (0x20 bytes), align: 1
  Segment part 7.
           ENTRY                   ADDRESS         REF BY
           =====                   =======         ======
           GPIO_setOutputHighOnPin
                                   B1D8            Reset_switch (select_port)
    -------------------------------------------------------------------------
<CODE> 1 (was CODE)
  Relative segment, address: B178 - B197 (0x20 bytes), align: 1
  Segment part 8.
           ENTRY                   ADDRESS         REF BY
           =====                   =======         ======
           GPIO_setOutputLowOnPin
                                   B178            Reset_switch (select_port)

    *************************************************************************

  FILE NAME : D:\download\Alphasense_Fixture_V2_24pin\Alphasense_Fixture_V2_24pin\Alphasense_Fixtrue_V1\Debug\Obj\hal_aecl_4e_ec_gases.r43
  PROGRAM MODULE, NAME : hal_aecl_4e_ec_gases

  SEGMENTS IN THE MODULE
  ======================
<CODE> 1 (was CODE)
  Relative segment, address: AD98 - ADCB (0x34 bytes), align: 1
  Segment part 2.             Intra module refs:   aeclmg_getAdc_1
                                                   aeclmg_getAdc_2
                                                   aeclmg_getSerialId
                                                   aeclmg_get_cal_date
                                                   aeclmg_get_fw_version
                                                   aeclmg_get_gas_cal_a
                                                   aeclmg_get_gas_cal_b
                                                   aeclmg_get_gas_cal_span
                                                   aeclmg_get_gas_cal_zero
                                                   aeclmg_get_gas_concentrations
                                                   aeclmg_get_gas_name
                                                   get_i2c_test_results
           LOCAL                   ADDRESS         
           =====                   =======         
           aeclmg_calcCrc          AD98 
    -------------------------------------------------------------------------
<CODE> 1 (was CODE)
  Relative segment, address: A578 - A60B (0x94 bytes), align: 1
  Segment part 3.
           ENTRY                   ADDRESS         REF BY
           =====                   =======         ======
           get_i2c_test_results    A578            check_port_gas_address (select_port)
               calls direct
    -------------------------------------------------------------------------
<CODE> 1 (was CODE)
  Relative segment, address: 9AAE - 9B7B (0xce bytes), align: 1
  Segment part 4.
           ENTRY                   ADDRESS         REF BY
           =====                   =======         ======
           aeclmg_getAdc_1         9AAE            gat_all_gas_data (sensor_abstraction)
               calls direct
    -------------------------------------------------------------------------
<CODE> 1 (was CODE)
  Relative segment, address: 9D18 - 9DE5 (0xce bytes), align: 1
  Segment part 5.
           ENTRY                   ADDRESS         REF BY
           =====                   =======         ======
           aeclmg_getAdc_2         9D18            gat_all_gas_data (sensor_abstraction)
               calls direct
    -------------------------------------------------------------------------
<CODE> 1 (was CODE)
  Relative segment, address: 91B8 - 92E5 (0x12e bytes), align: 1
  Segment part 6.
           ENTRY                   ADDRESS         REF BY
           =====                   =======         ======
           aeclmg_get_gas_name     91B8            get_all_gas_info (sensor_abstraction)
               calls direct
    -------------------------------------------------------------------------
<CODE> 1 (was CODE)
  Relative segment, address: 8F54 - 9087 (0x134 bytes), align: 1
  Segment part 7.
           ENTRY                   ADDRESS         REF BY
           =====                   =======         ======
           aeclmg_getSerialId      8F54            get_all_gas_info (sensor_abstraction)
               calls direct
    -------------------------------------------------------------------------
<CODE> 1 (was CODE)
  Relative segment, address: A60C - A69D (0x92 bytes), align: 1
  Segment part 8.
           ENTRY                   ADDRESS         REF BY
           =====                   =======         ======
           aeclmg_get_fw_version   A60C            get_all_gas_info (sensor_abstraction)
               calls direct
    -------------------------------------------------------------------------
<CODE> 1 (was CODE)
  Relative segment, address: 9DE6 - 9EAB (0xc6 bytes), align: 1
  Segment part 9.
           ENTRY                   ADDRESS         REF BY
           =====                   =======         ======
           aeclmg_get_cal_date     9DE6            get_all_gas_info (sensor_abstraction)
               calls direct
    -------------------------------------------------------------------------
<CODE> 1 (was CODE)
  Relative segment, address: A4E4 - A577 (0x94 bytes), align: 1
  Segment part 10.
           ENTRY                   ADDRESS         REF BY
           =====                   =======         ======
           aeclmg_get_gas_concentrations
                                   A4E4            gat_all_gas_data (sensor_abstraction)
               calls direct
    -------------------------------------------------------------------------
<CODE> 1 (was CODE)
  Relative segment, address: 9B7C - 9C49 (0xce bytes), align: 1
  Segment part 11.
           ENTRY                   ADDRESS         REF BY
           =====                   =======         ======
           aeclmg_get_gas_cal_zero
                                   9B7C            get_all_gas_info (sensor_abstraction)
               calls direct
    -------------------------------------------------------------------------
<CODE> 1 (was CODE)
  Relative segment, address: 9EAC - 9F71 (0xc6 bytes), align: 1
  Segment part 12.
           ENTRY                   ADDRESS         REF BY
           =====                   =======         ======
           aeclmg_get_gas_cal_span
                                   9EAC            get_all_gas_info (sensor_abstraction)
               calls direct
    -------------------------------------------------------------------------
<CODE> 1 (was CODE)
  Relative segment, address: 9F72 - A037 (0xc6 bytes), align: 1
  Segment part 13.
           ENTRY                   ADDRESS         REF BY
           =====                   =======         ======
           aeclmg_get_gas_cal_a    9F72            get_all_gas_info (sensor_abstraction)
               calls direct
    -------------------------------------------------------------------------
<CODE> 1 (was CODE)
  Relative segment, address: 9C4A - 9D17 (0xce bytes), align: 1
  Segment part 14.
           ENTRY                   ADDRESS         REF BY
           =====                   =======         ======
           aeclmg_get_gas_cal_b    9C4A            get_all_gas_info (sensor_abstraction)
               calls direct

    *************************************************************************

  FILE NAME : D:\download\Alphasense_Fixture_V2_24pin\Alphasense_Fixture_V2_24pin\Alphasense_Fixtrue_V1\Debug\Obj\hal_eusci_b_i2c.r43
  PROGRAM MODULE, NAME : hal_eusci_b_i2c

  SEGMENTS IN THE MODULE
  ======================
DATA16_AN
  Relative segment, address: 0202 - 0203 (0x2 bytes), align: 0
  Segment part 1. ROOT        Intra module refs:   eusci_b_i2c_port_init
           ENTRY                   ADDRESS         REF BY
           =====                   =======         ======
           _A_PAOUT_L              0202 
           LOCAL                   ADDRESS         
           =====                   =======         
           PAOUT                   0202 
           PAOUT_H                 0203 
           PAOUT_L                 0202 
    -------------------------------------------------------------------------
DATA16_AN
  Relative segment, address: 0204 - 0205 (0x2 bytes), align: 0
  Segment part 2. ROOT        Intra module refs:   eusci_b_i2c_port_init
           ENTRY                   ADDRESS         REF BY
           =====                   =======         ======
           _A_PADIR_L              0204 
           LOCAL                   ADDRESS         
           =====                   =======         
           PADIR                   0204 
           PADIR_H                 0205 
           PADIR_L                 0204 
    -------------------------------------------------------------------------
DATA16_AN
  Relative segment, address: 0206 - 0207 (0x2 bytes), align: 0
  Segment part 3. ROOT        Intra module refs:   eusci_b_i2c_port_init
           ENTRY                   ADDRESS         REF BY
           =====                   =======         ======
           _A_PAREN_L              0206 
           LOCAL                   ADDRESS         
           =====                   =======         
           PAREN                   0206 
           PAREN_H                 0207 
           PAREN_L                 0206 
    -------------------------------------------------------------------------
DATA16_AN
  Relative segment, address: 020A - 020B (0x2 bytes), align: 0
  Segment part 4. ROOT        Intra module refs:   eusci_b_i2c_port_init
           ENTRY                   ADDRESS         REF BY
           =====                   =======         ======
           _A_PASEL_L              020A 
           LOCAL                   ADDRESS         
           =====                   =======         
           PASEL                   020A 
           PASEL_H                 020B 
           PASEL_L                 020A 
    -------------------------------------------------------------------------
DATA16_AN
  Relative segment, address: 0640 - 0641 (0x2 bytes), align: 0
  Segment part 5. ROOT        Intra module refs:   USCIB0_ISR
                                                   eusci_b_i2c_port_init
                                                   eusci_b_i2c_rx_multi
                                                   eusci_b_i2c_tx_multi
           ENTRY                   ADDRESS         REF BY
           =====                   =======         ======
           _A_UCB0CTLW0_L          0640 
           LOCAL                   ADDRESS         
           =====                   =======         
           UCB0CTLW0               0640 
           UCB0CTLW0_H             0641 
           UCB0CTLW0_L             0640 
    -------------------------------------------------------------------------
DATA16_AN
  Relative segment, address: 0642 - 0643 (0x2 bytes), align: 0
  Segment part 6. ROOT        Intra module refs:   eusci_b_i2c_port_init
           ENTRY                   ADDRESS         REF BY
           =====                   =======         ======
           _A_UCB0CTLW1_L          0642 
           LOCAL                   ADDRESS         
           =====                   =======         
           UCB0CTLW1               0642 
           UCB0CTLW1_H             0643 
           UCB0CTLW1_L             0642 
    -------------------------------------------------------------------------
DATA16_AN
  Relative segment, address: 0646 - 0647 (0x2 bytes), align: 0
  Segment part 7. ROOT        Intra module refs:   eusci_b_i2c_port_init
           ENTRY                   ADDRESS         REF BY
           =====                   =======         ======
           _A_UCB0BRW_L            0646 
           LOCAL                   ADDRESS         
           =====                   =======         
           UCB0BRW                 0646 
           UCB0BRW_H               0647 
           UCB0BRW_L               0646 
    -------------------------------------------------------------------------
DATA16_AN
  Relative segment, address: 064C - 064D (0x2 bytes), align: 0
  Segment part 8. ROOT        Intra module refs:   USCIB0_ISR
           ENTRY                   ADDRESS         REF BY
           =====                   =======         ======
           _A_UCB0RXBUF_L          064C 
           LOCAL                   ADDRESS         
           =====                   =======         
           UCB0RXBUF               064C 
           UCB0RXBUF_H             064D 
           UCB0RXBUF_L             064C 
    -------------------------------------------------------------------------
DATA16_AN
  Relative segment, address: 064E - 064F (0x2 bytes), align: 0
  Segment part 9. ROOT        Intra module refs:   USCIB0_ISR
           ENTRY                   ADDRESS         REF BY
           =====                   =======         ======
           _A_UCB0TXBUF_L          064E 
           LOCAL                   ADDRESS         
           =====                   =======         
           UCB0TXBUF               064E 
           UCB0TXBUF_H             064F 
           UCB0TXBUF_L             064E 
    -------------------------------------------------------------------------
DATA16_AN
  Relative segment, address: 0660 - 0661 (0x2 bytes), align: 0
  Segment part 10. ROOT       Intra module refs:   eusci_b_i2c_rx_multi
                                                   eusci_b_i2c_tx_multi
           ENTRY                   ADDRESS         REF BY
           =====                   =======         ======
           _A_UCB0I2CSA_L          0660 
           LOCAL                   ADDRESS         
           =====                   =======         
           UCB0I2CSA               0660 
           UCB0I2CSA_H             0661 
           UCB0I2CSA_L             0660 
    -------------------------------------------------------------------------
DATA16_AN
  Relative segment, address: 066A - 066B (0x2 bytes), align: 0
  Segment part 11. ROOT       Intra module refs:   eusci_b_i2c_port_init
           ENTRY                   ADDRESS         REF BY
           =====                   =======         ======
           _A_UCB0IE_L             066A 
           LOCAL                   ADDRESS         
           =====                   =======         
           UCB0IE                  066A 
           UCB0IE_H                066B 
           UCB0IE_L                066A 
    -------------------------------------------------------------------------
DATA16_AN
  Relative segment, address: 066C - 066D (0x2 bytes), align: 0
  Segment part 12. ROOT       Intra module refs:   USCIB0_ISR
                                                   eusci_b_i2c_port_init
           ENTRY                   ADDRESS         REF BY
           =====                   =======         ======
           _A_UCB0IFG_L            066C 
           LOCAL                   ADDRESS         
           =====                   =======         
           UCB0IFG                 066C 
           UCB0IFG_H               066D 
           UCB0IFG_L               066C 
    -------------------------------------------------------------------------
DATA16_AN
  Relative segment, address: 066E - 066F (0x2 bytes), align: 0
  Segment part 13. ROOT       Intra module refs:   USCIB0_ISR
           ENTRY                   ADDRESS         REF BY
           =====                   =======         ======
           UCB0IV                  066E 
    -------------------------------------------------------------------------
DATA16_Z
  Relative segment, address: 256A - 256A (0x1 bytes), align: 0
  Segment part 16.            Intra module refs:   USCIB0_ISR
           ENTRY                   ADDRESS         REF BY
           =====                   =======         ======
           flag_clock_low_timeout_fired
                                   256A 
    -------------------------------------------------------------------------
DATA16_Z
  Relative segment, address: 256B - 25AA (0x40 bytes), align: 0
  Segment part 17.            Intra module refs:   USCIB0_ISR
                                                   eusci_b_i2c_rx_multi
                                                   eusci_b_i2c_tx_multi
           LOCAL                   ADDRESS         
           =====                   =======         
           rxTxBuf                 256B 
    -------------------------------------------------------------------------
DATA16_Z
  Relative segment, address: 25AB - 25AB (0x1 bytes), align: 0
  Segment part 18.            Intra module refs:   USCIB0_ISR
                                                   eusci_b_i2c_rx_multi
           ENTRY                   ADDRESS         REF BY
           =====                   =======         ======
           rxCount                 25AB 
    -------------------------------------------------------------------------
DATA16_Z
  Relative segment, address: 25AC - 25AC (0x1 bytes), align: 0
  Segment part 19.            Intra module refs:   USCIB0_ISR
                                                   eusci_b_i2c_rx_multi
           ENTRY                   ADDRESS         REF BY
           =====                   =======         ======
           GB_u8rxLength           25AC 
    -------------------------------------------------------------------------
DATA16_Z
  Relative segment, address: 25AD - 25AD (0x1 bytes), align: 0
  Segment part 20.            Intra module refs:   USCIB0_ISR
                                                   eusci_b_i2c_tx_multi
           ENTRY                   ADDRESS         REF BY
           =====                   =======         ======
           txCount                 25AD 
    -------------------------------------------------------------------------
DATA16_Z
  Relative segment, address: 25AE - 25AE (0x1 bytes), align: 0
  Segment part 21.            Intra module refs:   USCIB0_ISR
                                                   eusci_b_i2c_tx_multi
           ENTRY                   ADDRESS         REF BY
           =====                   =======         ======
           GB_u8txLength           25AE 
    -------------------------------------------------------------------------
DATA16_I
  Relative segment, address: 1C00 - 1C03 (0x4 bytes), align: 1
  Segment part 22.            Intra module refs:   USCIB0_ISR
                                                   eusci_b_i2c_rx_multi
                                                   eusci_b_i2c_tx_multi
           ENTRY                   ADDRESS         REF BY
           =====                   =======         ======
           GB_u32timeout           1C00 
    -------------------------------------------------------------------------
DATA16_Z
  Relative segment, address: 25AF - 25AF (0x1 bytes), align: 0
  Segment part 24.            Intra module refs:   eusci_b_i2c_rx_multi
                                                   eusci_b_i2c_tx_multi
           ENTRY                   ADDRESS         REF BY
           =====                   =======         ======
           GB_u8Retrytimes         25AF 
    -------------------------------------------------------------------------
DATA16_Z
  Relative segment, address: 25B0 - 25B0 (0x1 bytes), align: 0
  Segment part 25.            Intra module refs:   USCIB0_ISR
                                                   eusci_b_i2c_tx_multi
           ENTRY                   ADDRESS         REF BY
           =====                   =======         ======
           GB_b1flag_tx_fail       25B0 
    -------------------------------------------------------------------------
DATA16_Z
  Relative segment, address: 25B1 - 25B1 (0x1 bytes), align: 0
  Segment part 26.            Intra module refs:   USCIB0_ISR
                                                   eusci_b_i2c_rx_multi
           ENTRY                   ADDRESS         REF BY
           =====                   =======         ======
           GB_b1flag_rx_fail       25B1 
    -------------------------------------------------------------------------
DATA16_Z
  Relative segment, address: 25B2 - 25B2 (0x1 bytes), align: 0
  Segment part 27.            Intra module refs:   USCIB0_ISR
                                                   eusci_b_i2c_rx_multi
                                                   eusci_b_i2c_tx_multi
           ENTRY                   ADDRESS         REF BY
           =====                   =======         ======
           GB_b1flag_nak           25B2 
    -------------------------------------------------------------------------
DATA16_Z
  Relative segment, address: 25B3 - 25B3 (0x1 bytes), align: 0
  Segment part 28.            Intra module refs:   USCIB0_ISR
                                                   eusci_b_i2c_tx_multi
           ENTRY                   ADDRESS         REF BY
           =====                   =======         ======
           GB_b1flag_tx_done       25B3 
    -------------------------------------------------------------------------
DATA16_Z
  Relative segment, address: 25B4 - 25B4 (0x1 bytes), align: 0
  Segment part 29.            Intra module refs:   USCIB0_ISR
                                                   eusci_b_i2c_rx_multi
           ENTRY                   ADDRESS         REF BY
           =====                   =======         ======
           GB_b1flag_rx_done       25B4 
    -------------------------------------------------------------------------
<CODE> 1 (was CODE)
  Relative segment, address: A69E - A71F (0x82 bytes), align: 1
  Segment part 32.            Intra module refs:   eusci_b_i2c_rx_multi
                                                   eusci_b_i2c_tx_multi
           ENTRY                   ADDRESS         REF BY
           =====                   =======         ======
           eusci_b_i2c_port_init   A69E            peripheral_init (peripheral_abstraction)
               calls direct
    -------------------------------------------------------------------------
<CODE> 1 (was CODE)
  Relative segment, address: A398 - A43D (0xa6 bytes), align: 1
  Segment part 33.
           ENTRY                   ADDRESS         REF BY
           =====                   =======         ======
           eusci_b_i2c_tx_multi    A398            SHT3X_GetTempAndHumiPolling (sht3x_native)
                                                   aeclmg_getAdc_1 (hal_aecl_4e_ec_gases)
                                                   aeclmg_getAdc_2 (hal_aecl_4e_ec_gases)
                                                   aeclmg_getSerialId (hal_aecl_4e_ec_gases)
                                                   aeclmg_get_cal_date (hal_aecl_4e_ec_gases)
                                                   aeclmg_get_fw_version (hal_aecl_4e_ec_gases)
                                                   aeclmg_get_gas_cal_a (hal_aecl_4e_ec_gases)
                                                   aeclmg_get_gas_cal_b (hal_aecl_4e_ec_gases)
                                                   aeclmg_get_gas_cal_span (hal_aecl_4e_ec_gases)
                                                   aeclmg_get_gas_cal_zero (hal_aecl_4e_ec_gases)
                                                   aeclmg_get_gas_concentrations (hal_aecl_4e_ec_gases)
                                                   aeclmg_get_gas_name (hal_aecl_4e_ec_gases)
                                                   control_multiplexer (select_port)
                                                   get_i2c_test_results (hal_aecl_4e_ec_gases)
               calls direct
    -------------------------------------------------------------------------
<CODE> 1 (was CODE)
  Relative segment, address: 99D0 - 9AAD (0xde bytes), align: 1
  Segment part 34.
           ENTRY                   ADDRESS         REF BY
           =====                   =======         ======
           eusci_b_i2c_rx_multi    99D0            SHT3X_GetTempAndHumiPolling (sht3x_native)
                                                   aeclmg_getAdc_1 (hal_aecl_4e_ec_gases)
                                                   aeclmg_getAdc_2 (hal_aecl_4e_ec_gases)
                                                   aeclmg_getSerialId (hal_aecl_4e_ec_gases)
                                                   aeclmg_get_cal_date (hal_aecl_4e_ec_gases)
                                                   aeclmg_get_fw_version (hal_aecl_4e_ec_gases)
                                                   aeclmg_get_gas_cal_a (hal_aecl_4e_ec_gases)
                                                   aeclmg_get_gas_cal_b (hal_aecl_4e_ec_gases)
                                                   aeclmg_get_gas_cal_span (hal_aecl_4e_ec_gases)
                                                   aeclmg_get_gas_cal_zero (hal_aecl_4e_ec_gases)
                                                   aeclmg_get_gas_concentrations (hal_aecl_4e_ec_gases)
                                                   aeclmg_get_gas_name (hal_aecl_4e_ec_gases)
                                                   control_multiplexer (select_port)
                                                   get_i2c_test_results (hal_aecl_4e_ec_gases)
               calls direct
    -------------------------------------------------------------------------
ISR_CODE
  Relative segment, address: 4F9E - 506B (0xce bytes), align: 1
  Segment part 35.            Intra module refs:   USCIB0_ISR::??INTVEC 116
           ENTRY                   ADDRESS         REF BY
           =====                   =======         ======
           USCIB0_ISR              4F9E 
               interrupt function
    -------------------------------------------------------------------------
INTVEC
  Common segment, address: FF80 - FFF5 (0x76 bytes), align: 1
  Segment part 14. ROOT 
           ENTRY                   ADDRESS         REF BY
           =====                   =======         ======
           USCIB0_ISR::??INTVEC 116
                                   FFF4 
    -------------------------------------------------------------------------
DATA16_ID
  Relative segment, address: 4F6A - 4F6D (0x4 bytes), align: 1
  Segment part 23.            Intra module refs:   GB_u32timeout

    *************************************************************************

  FILE NAME : D:\download\Alphasense_Fixture_V2_24pin\Alphasense_Fixture_V2_24pin\Alphasense_Fixtrue_V1\Debug\Obj\hal_uart_txrx.r43
  PROGRAM MODULE, NAME : hal_uart_txrx

  SEGMENTS IN THE MODULE
  ======================
<CODE> 1 (was CODE)
  Relative segment, address: A81A - A88B (0x72 bytes), align: 1
  Segment part 3.
           ENTRY                   ADDRESS         REF BY
           =====                   =======         ======
           hal_uart_txrx_init      A81A            peripheral_init (peripheral_abstraction)
               calls direct

    *************************************************************************

  FILE NAME : D:\download\Alphasense_Fixture_V2_24pin\Alphasense_Fixture_V2_24pin\Alphasense_Fixtrue_V1\Debug\Obj\lcd_b.r43
    *************************************************************************

  FILE NAME : D:\download\Alphasense_Fixture_V2_24pin\Alphasense_Fixture_V2_24pin\Alphasense_Fixtrue_V1\Debug\Obj\ldopwr.r43
    *************************************************************************

  FILE NAME : D:\download\Alphasense_Fixture_V2_24pin\Alphasense_Fixture_V2_24pin\Alphasense_Fixtrue_V1\Debug\Obj\main.r43
  PROGRAM MODULE, NAME : main

  SEGMENTS IN THE MODULE
  ======================
<CODE> 1 (was CODE)
  Relative segment, address: B0C8 - B0EB (0x24 bytes), align: 1
  Segment part 2.
           ENTRY                   ADDRESS         REF BY
           =====                   =======         ======
           main                    B0C8            Segment part 26 (?cstart)
               calls direct

    *************************************************************************

  FILE NAME : D:\download\Alphasense_Fixture_V2_24pin\Alphasense_Fixture_V2_24pin\Alphasense_Fixtrue_V1\Debug\Obj\mpy32.r43
    *************************************************************************

  FILE NAME : D:\download\Alphasense_Fixture_V2_24pin\Alphasense_Fixture_V2_24pin\Alphasense_Fixtrue_V1\Debug\Obj\oa.r43
    *************************************************************************

  FILE NAME : D:\download\Alphasense_Fixture_V2_24pin\Alphasense_Fixture_V2_24pin\Alphasense_Fixtrue_V1\Debug\Obj\peripheral_abstraction.r43
  PROGRAM MODULE, NAME : peripheral_abstraction

  SEGMENTS IN THE MODULE
  ======================
<CODE> 1 (was CODE)
  Relative segment, address: B420 - B427 (0x8 bytes), align: 1
  Segment part 2.             Intra module refs:   peripheral_init
           ENTRY                   ADDRESS         REF BY
           =====                   =======         ======
           Reset_switch_init       B420 
               calls direct
    -------------------------------------------------------------------------
<CODE> 1 (was CODE)
  Relative segment, address: B30C - B31F (0x14 bytes), align: 1
  Segment part 3.
           ENTRY                   ADDRESS         REF BY
           =====                   =======         ======
           peripheral_init         B30C            main (main)
               calls direct

    *************************************************************************

  FILE NAME : D:\download\Alphasense_Fixture_V2_24pin\Alphasense_Fixture_V2_24pin\Alphasense_Fixtrue_V1\Debug\Obj\pmap.r43
    *************************************************************************

  FILE NAME : D:\download\Alphasense_Fixture_V2_24pin\Alphasense_Fixture_V2_24pin\Alphasense_Fixtrue_V1\Debug\Obj\pmm.r43
  PROGRAM MODULE, NAME : pmm

  SEGMENTS IN THE MODULE
  ======================
<CODE> 1 (was CODE)
  Relative segment, address: 980A - 98EF (0xe6 bytes), align: 1
  Segment part 33.            Intra module refs:   PMM_setVCore
           ENTRY                   ADDRESS         REF BY
           =====                   =======         ======
           PMM_setVCoreUp          980A 
    -------------------------------------------------------------------------
<CODE> 1 (was CODE)
  Relative segment, address: A24A - A2F1 (0xa8 bytes), align: 1
  Segment part 34.            Intra module refs:   PMM_setVCore
           ENTRY                   ADDRESS         REF BY
           =====                   =======         ======
           PMM_setVCoreDown        A24A 
    -------------------------------------------------------------------------
<CODE> 1 (was CODE)
  Relative segment, address: AB12 - AB5B (0x4a bytes), align: 1
  Segment part 35.
           ENTRY                   ADDRESS         REF BY
           =====                   =======         ======
           PMM_setVCore            AB12            system_init (system)
               calls direct

    *************************************************************************

  FILE NAME : D:\download\Alphasense_Fixture_V2_24pin\Alphasense_Fixture_V2_24pin\Alphasense_Fixtrue_V1\Debug\Obj\ram.r43
    *************************************************************************

  FILE NAME : D:\download\Alphasense_Fixture_V2_24pin\Alphasense_Fixture_V2_24pin\Alphasense_Fixtrue_V1\Debug\Obj\ref.r43
    *************************************************************************

  FILE NAME : D:\download\Alphasense_Fixture_V2_24pin\Alphasense_Fixture_V2_24pin\Alphasense_Fixtrue_V1\Debug\Obj\rtc_a.r43
    *************************************************************************

  FILE NAME : D:\download\Alphasense_Fixture_V2_24pin\Alphasense_Fixture_V2_24pin\Alphasense_Fixtrue_V1\Debug\Obj\rtc_b.r43
    *************************************************************************

  FILE NAME : D:\download\Alphasense_Fixture_V2_24pin\Alphasense_Fixture_V2_24pin\Alphasense_Fixtrue_V1\Debug\Obj\rtc_c.r43
    *************************************************************************

  FILE NAME : D:\download\Alphasense_Fixture_V2_24pin\Alphasense_Fixture_V2_24pin\Alphasense_Fixtrue_V1\Debug\Obj\sd24_b.r43
    *************************************************************************

  FILE NAME : D:\download\Alphasense_Fixture_V2_24pin\Alphasense_Fixture_V2_24pin\Alphasense_Fixtrue_V1\Debug\Obj\select_port.r43
  PROGRAM MODULE, NAME : select_port

  SEGMENTS IN THE MODULE
  ======================
DATA16_I
  Relative segment, address: 1C04 - 1C0A (0x7 bytes), align: 0
  Segment part 2.             Intra module refs:   check_port_gas_address
           ENTRY                   ADDRESS         REF BY
           =====                   =======         ======
           all_gas_address         1C04 
    -------------------------------------------------------------------------
DATA16_Z
  Relative segment, address: 25B5 - 25CC (0x18 bytes), align: 0
  Segment part 4.             Intra module refs:   check_port_gas_address
           ENTRY                   ADDRESS         REF BY
           =====                   =======         ======
           port_address            25B5            gat_all_gas_data (sensor_abstraction)
                                                   get_all_gas_info (sensor_abstraction)
    -------------------------------------------------------------------------
<CODE> 1 (was CODE)
  Relative segment, address: B0EC - B10F (0x24 bytes), align: 1
  Segment part 5.             Intra module refs:   control_multiplexer
           ENTRY                   ADDRESS         REF BY
           =====                   =======         ======
           Reset_switch            B0EC 
               calls direct
    -------------------------------------------------------------------------
<CODE> 1 (was CODE)
  Relative segment, address: ABE8 - AC2D (0x46 bytes), align: 1
  Segment part 6.             Intra module refs:   switch_port
                                                   switch_port_sht
           ENTRY                   ADDRESS         REF BY
           =====                   =======         ======
           control_multiplexer     ABE8 
               calls direct
    -------------------------------------------------------------------------
<CODE> 1 (was CODE)
  Relative segment, address: A88C - A8E9 (0x5e bytes), align: 1
  Segment part 7.
           ENTRY                   ADDRESS         REF BY
           =====                   =======         ======
           check_port_gas_address
                                   A88C            main (main)
               calls direct
    -------------------------------------------------------------------------
<CODE> 1 (was CODE)
  Relative segment, address: 8AE4 - 8CA5 (0x1c2 bytes), align: 1
  Segment part 8.             Intra module refs:   check_port_gas_address
           ENTRY                   ADDRESS         REF BY
           =====                   =======         ======
           switch_port             8AE4            measure_gases_data (sensor_abstraction)
                                                   measure_gases_info (sensor_abstraction)
               calls direct
    -------------------------------------------------------------------------
<CODE> 1 (was CODE)
  Relative segment, address: A9E4 - AA2F (0x4c bytes), align: 1
  Segment part 9.
           ENTRY                   ADDRESS         REF BY
           =====                   =======         ======
           switch_port_sht         A9E4            measure_all_rht (sensor_abstraction)
               calls direct
    -------------------------------------------------------------------------
DATA16_ID
  Relative segment, address: 4F6E - 4F74 (0x7 bytes), align: 0
  Segment part 3.             Intra module refs:   all_gas_address

    *************************************************************************

  FILE NAME : D:\download\Alphasense_Fixture_V2_24pin\Alphasense_Fixture_V2_24pin\Alphasense_Fixtrue_V1\Debug\Obj\sensor_abstraction.r43
  PROGRAM MODULE, NAME : sensor_abstraction

  SEGMENTS IN THE MODULE
  ======================
DATA16_AN
  Relative segment, address: 05EE - 05EF (0x2 bytes), align: 0
  Segment part 1. ROOT        Intra module refs:   ui_print
           ENTRY                   ADDRESS         REF BY
           =====                   =======         ======
           _A_UCA1TXBUF_L          05EE 
           LOCAL                   ADDRESS         
           =====                   =======         
           UCA1TXBUF               05EE 
           UCA1TXBUF_H             05EF 
           UCA1TXBUF_L             05EE 
    -------------------------------------------------------------------------
DATA16_AN
  Relative segment, address: 05FC - 05FD (0x2 bytes), align: 0
  Segment part 2. ROOT        Intra module refs:   ui_print
           ENTRY                   ADDRESS         REF BY
           =====                   =======         ======
           _A_UCA1IFG_L            05FC 
           LOCAL                   ADDRESS         
           =====                   =======         
           UCA1IFG                 05FC 
           UCA1IFG_H               05FD 
           UCA1IFG_L               05FC 
    -------------------------------------------------------------------------
DATA16_Z
  Relative segment, address: 25CD - 25E0 (0x14 bytes), align: 0
  Segment part 279.           Intra module refs:   ADC_to_UCA_count
                                                   AE_to_UCA_count
                                                   BSN_to_UCA_count
                                                   FW_to_UCA_count
                                                   SHT_to_UCA_count
                                                   SSN_to_UCA_count
                                                   Sensor_Name_to_UCA_count
                                                   Span_to_UCA_count
                                                   WE_to_UCA_count
                                                   Zero_AE_to_UCA_count
                                                   Zero_WE_to_UCA_count
                                                   int_to_str_func
                                                   ppb_to_UCA_count
           ENTRY                   ADDRESS         REF BY
           =====                   =======         ======
           conv_buf                25CD 
    -------------------------------------------------------------------------
DATA16_Z
  Relative segment, address: 1C0C - 250B (0x900 bytes), align: 1
  Segment part 280.           Intra module refs:   ADC_produce
                                                   data_to_UCA
                                                   datalink_clear
                                                   gat_all_gas_data
                                                   get_all_gas_info
           ENTRY                   ADDRESS         REF BY
           =====                   =======         ======
           datalink                1C0C 
    -------------------------------------------------------------------------
DATA16_Z
  Relative segment, address: 250C - 250D (0x2 bytes), align: 1
  Segment part 281.           Intra module refs:   get_all_gas_info
                                                   sensorinfo_init
           ENTRY                   ADDRESS         REF BY
           =====                   =======         ======
           fw_version              250C 
    -------------------------------------------------------------------------
DATA16_Z
  Relative segment, address: 250E - 250F (0x2 bytes), align: 1
  Segment part 282.           Intra module refs:   get_all_gas_info
                                                   sensorinfo_init
           ENTRY                   ADDRESS         REF BY
           =====                   =======         ======
           cal_data                250E 
    -------------------------------------------------------------------------
DATA16_Z
  Relative segment, address: 2510 - 2517 (0x8 bytes), align: 1
  Segment part 283.           Intra module refs:   get_all_gas_info
                                                   sensorinfo_init
           ENTRY                   ADDRESS         REF BY
           =====                   =======         ======
           bsn                     2510 
    -------------------------------------------------------------------------
DATA16_Z
  Relative segment, address: 2518 - 251F (0x8 bytes), align: 1
  Segment part 284.           Intra module refs:   get_all_gas_info
                                                   sensorinfo_init
           ENTRY                   ADDRESS         REF BY
           =====                   =======         ======
           gas_name                2518 
    -------------------------------------------------------------------------
DATA16_Z
  Relative segment, address: 2520 - 2523 (0x4 bytes), align: 1
  Segment part 285.           Intra module refs:   get_all_gas_info
                                                   sensorinfo_init
           ENTRY                   ADDRESS         REF BY
           =====                   =======         ======
           zero                    2520 
    -------------------------------------------------------------------------
DATA16_Z
  Relative segment, address: 2524 - 2527 (0x4 bytes), align: 1
  Segment part 286.           Intra module refs:   get_all_gas_info
                                                   sensorinfo_init
           ENTRY                   ADDRESS         REF BY
           =====                   =======         ======
           span                    2524 
    -------------------------------------------------------------------------
DATA16_Z
  Relative segment, address: 2528 - 252B (0x4 bytes), align: 1
  Segment part 287.           Intra module refs:   get_all_gas_info
                                                   sensorinfo_init
           ENTRY                   ADDRESS         REF BY
           =====                   =======         ======
           a_value                 2528 
    -------------------------------------------------------------------------
DATA16_Z
  Relative segment, address: 252C - 252F (0x4 bytes), align: 1
  Segment part 288.           Intra module refs:   get_all_gas_info
                                                   sensorinfo_init
           ENTRY                   ADDRESS         REF BY
           =====                   =======         ======
           b_value                 252C 
    -------------------------------------------------------------------------
DATA16_Z
  Relative segment, address: 2530 - 2531 (0x2 bytes), align: 1
  Segment part 289.           Intra module refs:   gat_all_gas_data
                                                   sensordata_init
           ENTRY                   ADDRESS         REF BY
           =====                   =======         ======
           concentrations          2530 
    -------------------------------------------------------------------------
DATA16_Z
  Relative segment, address: 2532 - 2535 (0x4 bytes), align: 1
  Segment part 290.           Intra module refs:   gat_all_gas_data
                                                   sensordata_init
           ENTRY                   ADDRESS         REF BY
           =====                   =======         ======
           we                      2532 
    -------------------------------------------------------------------------
DATA16_Z
  Relative segment, address: 2536 - 2539 (0x4 bytes), align: 1
  Segment part 291.           Intra module refs:   gat_all_gas_data
                                                   sensordata_init
           ENTRY                   ADDRESS         REF BY
           =====                   =======         ======
           ae                      2536 
    -------------------------------------------------------------------------
DATA16_Z
  Relative segment, address: 25E1 - 25E1 (0x1 bytes), align: 0
  Segment part 292.           Intra module refs:   ADC_produce
                                                   ADC_to_UCA_count
                                                   AE_to_UCA_count
                                                   BSN_to_UCA_count
                                                   FW_to_UCA_count
                                                   SHT_to_UCA_count
                                                   SSN_to_UCA_count
                                                   Sensor_Name_to_UCA_count
                                                   Span_to_UCA_count
                                                   WE_to_UCA_count
                                                   Zero_AE_to_UCA_count
                                                   Zero_WE_to_UCA_count
                                                   data_to_UCA
                                                   datalink_clear
                                                   ppb_to_UCA_count
           ENTRY                   ADDRESS         REF BY
           =====                   =======         ======
           i                       25E1 
    -------------------------------------------------------------------------
DATA16_Z
  Relative segment, address: 25E2 - 25E2 (0x1 bytes), align: 0
  Segment part 293.           Intra module refs:   datalink_clear
           ENTRY                   ADDRESS         REF BY
           =====                   =======         ======
           j                       25E2 
    -------------------------------------------------------------------------
DATA16_Z
  Relative segment, address: 25E3 - 25E3 (0x1 bytes), align: 0
  Segment part 294.           Intra module refs:   ui_parameter_post
           ENTRY                   ADDRESS         REF BY
           =====                   =======         ======
           k                       25E3 
    -------------------------------------------------------------------------
DATA16_Z
  Relative segment, address: 25E4 - 25E4 (0x1 bytes), align: 0
  Segment part 295.           Intra module refs:   measure_gases_data
                                                   measure_gases_info
           ENTRY                   ADDRESS         REF BY
           =====                   =======         ======
           port_count              25E4 
    -------------------------------------------------------------------------
DATA16_Z
  Relative segment, address: 253A - 253B (0x2 bytes), align: 1
  Segment part 297.
           ENTRY                   ADDRESS         REF BY
           =====                   =======         ======
           Span_range              253A            command_Wrire_Span (ui_command)
    -------------------------------------------------------------------------
DATA16_Z
  Relative segment, address: 253C - 254B (0x10 bytes), align: 1
  Segment part 298.           Intra module refs:   data_to_UCA
                                                   measure_rht
           ENTRY                   ADDRESS         REF BY
           =====                   =======         ======
           SHT3x_RHT               253C 
    -------------------------------------------------------------------------
<CODE> 1 (was CODE)
  Relative segment, address: AC2E - AC6D (0x40 bytes), align: 1
  Segment part 302.
           ENTRY                   ADDRESS         REF BY
           =====                   =======         ======
           measure_gases_data      AC2E            task_run (task)
               calls direct
    -------------------------------------------------------------------------
<CODE> 1 (was CODE)
  Relative segment, address: ACAE - ACED (0x40 bytes), align: 1
  Segment part 305.
           ENTRY                   ADDRESS         REF BY
           =====                   =======         ======
           measure_gases_info      ACAE            task_run (task)
               calls direct
    -------------------------------------------------------------------------
<CODE> 1 (was CODE)
  Relative segment, address: 971A - 9809 (0xf0 bytes), align: 1
  Segment part 299.           Intra module refs:   measure_gases_data
           ENTRY                   ADDRESS         REF BY
           =====                   =======         ======
           gat_all_gas_data        971A 
               calls direct
    -------------------------------------------------------------------------
<CODE> 1 (was CODE)
  Relative segment, address: 86C6 - 88D5 (0x210 bytes), align: 1
  Segment part 303.           Intra module refs:   measure_gases_info
           ENTRY                   ADDRESS         REF BY
           =====                   =======         ======
           get_all_gas_info        86C6 
               calls direct
    -------------------------------------------------------------------------
<CODE> 1 (was CODE)
  Relative segment, address: B02E - B055 (0x28 bytes), align: 1
  Segment part 307.
           ENTRY                   ADDRESS         REF BY
           =====                   =======         ======
           measure_all_rht         B02E            task_run (task)
               calls direct
    -------------------------------------------------------------------------
<CODE> 1 (was CODE)
  Relative segment, address: A0F4 - A19F (0xac bytes), align: 1
  Segment part 306.           Intra module refs:   measure_all_rht
           ENTRY                   ADDRESS         REF BY
           =====                   =======         ======
           measure_rht             A0F4 
               calls direct
    -------------------------------------------------------------------------
<CODE> 1 (was CODE)
  Relative segment, address: A994 - A9E3 (0x50 bytes), align: 1
  Segment part 301.           Intra module refs:   measure_gases_data
                                                   measure_gases_info
           ENTRY                   ADDRESS         REF BY
           =====                   =======         ======
           datalink_clear          A994 
    -------------------------------------------------------------------------
<CODE> 1 (was CODE)
  Relative segment, address: B2B6 - B2CB (0x16 bytes), align: 1
  Segment part 300.           Intra module refs:   measure_gases_data
           ENTRY                   ADDRESS         REF BY
           =====                   =======         ======
           sensordata_init         B2B6 
    -------------------------------------------------------------------------
<CODE> 1 (was CODE)
  Relative segment, address: AAC8 - AB11 (0x4a bytes), align: 1
  Segment part 304.           Intra module refs:   measure_gases_info
           ENTRY                   ADDRESS         REF BY
           =====                   =======         ======
           sensorinfo_init         AAC8 
    -------------------------------------------------------------------------
<CODE> 1 (was CODE)
  Relative segment, address: ADCC - ADFF (0x34 bytes), align: 1
  Segment part 308.           Intra module refs:   data_to_UCA
           ENTRY                   ADDRESS         REF BY
           =====                   =======         ======
           int_to_str_func         ADCC 
               calls direct
    -------------------------------------------------------------------------
<CODE> 1 (was CODE)
  Relative segment, address: B284 - B29D (0x1a bytes), align: 1
  Segment part 309.           Intra module refs:   ADC_to_UCA_count
                                                   AE_to_UCA_count
                                                   BSN_to_UCA_count
                                                   FW_to_UCA_count
                                                   SHT_to_UCA_count
                                                   SSN_to_UCA_count
                                                   Sensor_Name_to_UCA_count
                                                   Span_to_UCA_count
                                                   WE_to_UCA_count
                                                   Zero_AE_to_UCA_count
                                                   Zero_WE_to_UCA_count
                                                   ppb_to_UCA_count
           ENTRY                   ADDRESS         REF BY
[...]
           ?Mul16Hw                B19C 
           ?Mul16to32uHw           B19C 

    -------------------------------------------------------------------------
  LIBRARY MODULE, NAME : ?Mul16to32sHw

  SEGMENTS IN THE MODULE
  ======================
<CODE> 1 (was CODE)
  Relative segment, address: B232 - B24D (0x1c bytes), align: 1
  Segment part 0.
           ENTRY                   ADDRESS         REF BY
           =====                   =======         ======
           ?Mul16to32sHw           B232            _LdtobLargeNoMb (?xprintflarge_nomb)

    -------------------------------------------------------------------------
  LIBRARY MODULE, NAME : ?Mul64Hw32

  SEGMENTS IN THE MODULE
  ======================
<CODE> 1 (was CODE)
  Relative segment, address: A8EA - A941 (0x58 bytes), align: 1
  Segment part 0.
           ENTRY                   ADDRESS         REF BY
           =====                   =======         ======
           ?Mul64Hw32              A8EA            command_Write_BSN (ui_command)

    -------------------------------------------------------------------------
  LIBRARY MODULE, NAME : ?IndCallR11

  SEGMENTS IN THE MODULE
  ======================
<CODE> 1 (was CODE)
  Relative segment, address: B45E - B461 (0x4 bytes), align: 1
  Segment part 0.
           ENTRY                   ADDRESS         REF BY
           =====                   =======         ======
           ?IndCallR11             B45E            _PutcharLargeNoMb (?xprintflarge_nomb)

    -------------------------------------------------------------------------
  LIBRARY MODULE, NAME : ?sprintf

  SEGMENTS IN THE MODULE
  ======================
<CODE> 1 (was CODE)
  Relative segment, address: AB5C - ABA1 (0x46 bytes), align: 1
  Segment part 2.
           ENTRY                   ADDRESS         REF BY
           =====                   =======         ======
           sprintf                 AB5C            int_to_str_func (sensor_abstraction)
               calls direct

    -------------------------------------------------------------------------
  LIBRARY MODULE, NAME : ?strchr

  SEGMENTS IN THE MODULE
  ======================
<CODE> 1 (was CODE)
  Relative segment, address: B3CC - B3D9 (0xe bytes), align: 1
  Segment part 2.
           ENTRY                   ADDRESS         REF BY
           =====                   =======         ======
           __iar_Strchr            B3CC            _PrintfLargeNoMb (?xprintflarge_nomb)

    -------------------------------------------------------------------------
  LIBRARY MODULE, NAME : ?strlen

  SEGMENTS IN THE MODULE
  ======================
<CODE> 1 (was CODE)
  Relative segment, address: B36A - B37B (0x12 bytes), align: 1
  Segment part 2.
           ENTRY                   ADDRESS         REF BY
           =====                   =======         ======
           strlen                  B36A            _PrintfLargeNoMb (?xprintflarge_nomb)

    -------------------------------------------------------------------------
  LIBRARY MODULE, NAME : ?xdunscal

  SEGMENTS IN THE MODULE
  ======================
<CODE> 1 (was CODE)
  Relative segment, address: ABA2 - ABE7 (0x46 bytes), align: 1
  Segment part 2.
           ENTRY                   ADDRESS         REF BY
           =====                   =======         ======
           __iar_Dunscale          ABA2            _LdtobLargeNoMb (?xprintflarge_nomb)

    -------------------------------------------------------------------------
  LIBRARY MODULE, NAME : ?xprintflarge_nomb

  SEGMENTS IN THE MODULE
  ======================
<CODE> 1 (was CODE)
  Relative segment, address: 583C - 5CD9 (0x49e bytes), align: 1
  Segment part 19.
           ENTRY                   ADDRESS         REF BY
           =====                   =======         ======
           _PrintfLargeNoMb        583C            sprintf (?sprintf)
               calls direct
    -------------------------------------------------------------------------
<CODE> 1 (was CODE)
  Relative segment, address: B134 - B13B (0x8 bytes), align: 1
  Segment part 23.            Intra module refs:   Segment part 26
                                                   _PrintfLargeNoMb
    -------------------------------------------------------------------------
<CODE> 1 (was CODE)
  Relative segment, address: B13C - B143 (0x8 bytes), align: 1
  Segment part 24.            Intra module refs:   _PrintfLargeNoMb
    -------------------------------------------------------------------------
<CODE> 1 (was CODE)
  Relative segment, address: B144 - B14F (0xc bytes), align: 1
  Segment part 25.            Intra module refs:   Segment part 23
                                                   Segment part 24
    -------------------------------------------------------------------------
<CODE> 1 (was CODE)
  Relative segment, address: B150 - B155 (0x6 bytes), align: 1
  Segment part 26.            Intra module refs:   _PrintfLargeNoMb
    -------------------------------------------------------------------------
<CODE> 1 (was CODE)
  Relative segment, address: 50D2 - 5155 (0x84 bytes), align: 1
  Segment part 8.             Intra module refs:   _PrintfLargeNoMb
           LOCAL                   ADDRESS         
           =====                   =======         
           LoadInt                 50D2 
    -------------------------------------------------------------------------
<CODE> 1 (was CODE)
  Relative segment, address: 5156 - 5163 (0xe bytes), align: 1
  Segment part 9.             Intra module refs:   LoadInt
    -------------------------------------------------------------------------
<CODE> 1 (was CODE)
  Relative segment, address: 5164 - 53A1 (0x23e bytes), align: 1
  Segment part 10.            Intra module refs:   _LdtobLargeNoMb
           LOCAL                   ADDRESS         
           =====                   =======         
           _GenldLargeNoMb         5164 
               calls direct
    -------------------------------------------------------------------------
<CODE> 1 (was CODE)
  Relative segment, address: 53A2 - 53B1 (0x10 bytes), align: 1
  Segment part 11.            Intra module refs:   _GenldLargeNoMb
    -------------------------------------------------------------------------
<CODE> 1 (was CODE)
  Relative segment, address: 53B2 - 53BF (0xe bytes), align: 1
  Segment part 12.            Intra module refs:   Segment part 11
                                                   _GenldLargeNoMb
    -------------------------------------------------------------------------
<CODE> 1 (was CODE)
  Relative segment, address: 53C0 - 53DD (0x1e bytes), align: 1
  Segment part 13.            Intra module refs:   _GenldLargeNoMb
    -------------------------------------------------------------------------
<CODE> 1 (was CODE)
  Relative segment, address: 53DE - 541F (0x42 bytes), align: 1
  Segment part 14.            Intra module refs:   _LdtobLargeNoMb
           LOCAL                   ADDRESS         
           =====                   =======         
           scale                   53DE 
               calls direct
    -------------------------------------------------------------------------
<CODE> 1 (was CODE)
  Relative segment, address: 5420 - 565D (0x23e bytes), align: 1
  Segment part 15.            Intra module refs:   _PrintfLargeNoMb
           LOCAL                   ADDRESS         
           =====                   =======         
           _LdtobLargeNoMb         5420 
               calls direct
    -------------------------------------------------------------------------
<CODE> 1 (was CODE)
  Relative segment, address: 565E - 581F (0x1c2 bytes), align: 1
  Segment part 16.            Intra module refs:   _PrintfLargeNoMb
           LOCAL                   ADDRESS         
           =====                   =======         
           _LitobLargeNoMb         565E 
               calls direct
    -------------------------------------------------------------------------
<CODE> 1 (was CODE)
  Relative segment, address: 5820 - 5831 (0x12 bytes), align: 1
  Segment part 17.            Intra module refs:   _LitobLargeNoMb
    -------------------------------------------------------------------------
<CODE> 1 (was CODE)
  Relative segment, address: 5832 - 583B (0xa bytes), align: 1
  Segment part 18.            Intra module refs:   LoadInt
                                                   _LitobLargeNoMb
                                                   _PrintfLargeNoMb
    -------------------------------------------------------------------------
<CODE> 1 (was CODE)
  Relative segment, address: AD2C - AD61 (0x36 bytes), align: 1
  Segment part 28.            Intra module refs:   Segment part 23
           LOCAL                   ADDRESS         
           =====                   =======         
           pad                     AD2C 
               calls direct
    -------------------------------------------------------------------------
<CODE> 1 (was CODE)
  Relative segment, address: B006 - B02D (0x28 bytes), align: 1
  Segment part 29.            Intra module refs:   _PrintfLargeNoMb
                                                   _PutcharsLargeNoMb
           LOCAL                   ADDRESS         
           =====                   =======         
           _PutcharLargeNoMb       B006 
               calls indirect
    -------------------------------------------------------------------------
<CODE> 1 (was CODE)
  Relative segment, address: AF5A - AF85 (0x2c bytes), align: 1
  Segment part 30.            Intra module refs:   Segment part 24
                                                   pad
           LOCAL                   ADDRESS         
           =====                   =======         
           _PutcharsLargeNoMb      AF5A 
               calls direct
    -------------------------------------------------------------------------
<CODE> 1 (was CODE)
  Relative segment, address: B3BE - B3CB (0xe bytes), align: 1
  Segment part 20.            Intra module refs:   _PrintfLargeNoMb
    -------------------------------------------------------------------------
<CODE> 1 (was CODE)
  Relative segment, address: B3FE - B409 (0xc bytes), align: 1
  Segment part 21.            Intra module refs:   _PrintfLargeNoMb
    -------------------------------------------------------------------------
<CODE> 1 (was CODE)
  Relative segment, address: B358 - B369 (0x12 bytes), align: 1
  Segment part 22.            Intra module refs:   _PrintfLargeNoMb
    -------------------------------------------------------------------------
<CODE> 1 (was CODE)
  Relative segment, address: ACEE - AD2B (0x3e bytes), align: 1
  Segment part 27.            Intra module refs:   _PrintfLargeNoMb
    -------------------------------------------------------------------------
DATA16_C
  Relative segment, address: 4F50 - 4F56 (0x7 bytes), align: 0
  Segment part 2.             Intra module refs:   _PrintfLargeNoMb
    -------------------------------------------------------------------------
DATA16_C
  Relative segment, address: 4F57 - 4F5A (0x4 bytes), align: 0
  Segment part 3.             Intra module refs:   _LdtobLargeNoMb
    -------------------------------------------------------------------------
DATA16_C
  Relative segment, address: 4F5B - 4F5E (0x4 bytes), align: 0
  Segment part 4.             Intra module refs:   _LdtobLargeNoMb
    -------------------------------------------------------------------------
DATA16_C
  Relative segment, address: 4F5F - 4F62 (0x4 bytes), align: 0
  Segment part 5.             Intra module refs:   _LdtobLargeNoMb
    -------------------------------------------------------------------------
DATA16_C
  Relative segment, address: 4F63 - 4F66 (0x4 bytes), align: 0
  Segment part 6.             Intra module refs:   _LdtobLargeNoMb
    -------------------------------------------------------------------------
DATA16_C
  Relative segment, address: 4F67 - 4F68 (0x2 bytes), align: 0
  Segment part 7.             Intra module refs:   _GenldLargeNoMb

    -------------------------------------------------------------------------
  LIBRARY MODULE, NAME : ?xsprout

  SEGMENTS IN THE MODULE
  ======================
<CODE> 1 (was CODE)
  Relative segment, address: B3DA - B3E5 (0xc bytes), align: 1
  Segment part 2.
           ENTRY                   ADDRESS         REF BY
           =====                   =======         ======
           _SProut                 B3DA            sprintf (?sprintf)




                ****************************************
                *                                      *
                *            MODULE SUMMARY            *
                *                                      *
                ****************************************

Module                    CODE      DATA      CONST
------                    ----      ----      -----
                         (Rel)  (Rel)  (Abs)  (Rel)
?Cast32f32i                126
?ClearMemoryWords           16
?DivMod32s                  64
?DivMod32u                  48
?DivMod816s                 48
?DivMod816u                 24
?FLT_Extract                76
?FLT_LT                     82
?IndCallR11                  4
?Mul16to32sHw               28
?Mul32fHw32                278
?Mul64Hw32                  88
?Mul8Hw                     32
?__dbg_break                 2
?__exit                     20
?_exit                       4
?cstart                     40
?div                        22
?div64i                    192
?exit                        4
?memchr                     20
?memcpy                     18
?memset                     18
?memzero                    20
?reset_vector                2
?sprintf                    70
?strchr                     14
?strlen                     18
?xdunscal                   70
?xprintflarge_nomb       3 358                   25
?xsprout                    12
_Add32f                    356
_Cast32fto32s               50
_Cast32fto32u               12
_Div32f                    304
eusci_a_uart               238
gpio                       148                   28
hal_aecl_4e_ec_gases     2 522
hal_eusci_b_i2c            724     79     26      4
  + common                 118
hal_uart_txrx              114
main                        36
peripheral_abstraction      28
pmm                        472
select_port                726     31             7
sensor_abstraction      12 280  2 392      4  3 892
sfr                         12
sht3x_native               600      9
system                     128      2
  + common                 124
task                       198      1
  + common                 100
timer_a                    162
ucs                        474
ui_command               1 420     53      6
  + common                 108
wdt_a                       28
N/A (command line)              1 536
N/A (alignment)
----------              ------  -----     --  -----
Total:                  25 850  4 103     36  3 956
  + common                 124

                ****************************************
                *                                      *
                *             STACK USAGE              *
                *                                      *
                ****************************************

  Call Graph Root Category  Max Use  Total Use
  ------------------------  -------  ---------
  interrupt                     16         48
  Program entry                280        280


Program entry
  "__program_start": 0x00004f76

  Maximum call chain                              280  bytes

    "__program_start"                               0
    "main"                                          4
    "task_run"                                      4
    "ui_parameter_post"                             4
    "data_to_UCA"                                   4
    "int_to_str_func"                              20
    "sprintf"                                      12
    "_PrintfLargeNoMb"                            112
    "_LdtobLargeNoMb" [?xprintflarge_nomb]         72
    "_GenldLargeNoMb" [?xprintflarge_nomb]         32
    "div"                                           6
    "?DivMod16s"                                    6
    "?DivMod16u"                                    4

interrupt
  "USCIB0_ISR": 0x00004f9e

  Maximum call chain                                8  bytes

    "USCIB0_ISR"                                    8

interrupt
  "NMI_ISR": 0x0000506c

  Maximum call chain                               16  bytes

    "NMI_ISR"                                      12
    "UCS_clearAllOscFlagsWithTimeout"               4

interrupt
  "TIMER1_A0_ISR": 0x00005084

  Maximum call chain                               16  bytes

    "TIMER1_A0_ISR"                                12
    "Timer_A_getCaptureCompareCount"                4

interrupt
  "USCI_A1_ISR": 0x000050a8

  Maximum call chain                                8  bytes

    "USCI_A1_ISR"                                   8




                ****************************************
                *                                      *
                *      SEGMENTS IN ADDRESS ORDER       *
                *                                      *
                ****************************************


SEGMENT              SPACE    START ADDRESS   END ADDRESS     SIZE  TYPE  ALIGN
=======              =====    =============   ===========     ====  ====  =====
DATA16_AN                              0202 - 0207               6   rel    0
                                       020A - 020B               2 
                                       0400 - 0401               2 
                                       05EC - 05EF               4 
                                       05FC - 05FF               4 
                                       0640 - 0643               4 
                                       0646 - 0647               2 
                                       064C - 064F               4 
                                       0660 - 0661               2 
                                       066A - 066F               6 
DATA16_I                               1C00 - 1C0A               B   rel    1
DATA16_Z                               1C0C - 2607             9FC   rel    1
DATA20_I                                  2608                       rel    1
DATA20_Z                                  2608                       rel    1
DATA20_N                                  2608                       rel    1
CODE_I                                    2608                       rel    1
CSTACK                                 3600 - 3BFF             600   rel    1
DATA16_C                               4000 - 4F68             F69   rel    1
DATA16_ID                              4F6A - 4F74               B   rel    1
CSTART                                 4F76 - 4F9D              28   rel    1
ISR_CODE                               4F9E - 50D1             134   rel    1
<CODE> 1                               50D2 - B46D            639C   rel    1
CODE_ID                                   B46E                       rel    1
DATA20_ID                                 B46E                       rel    1
DATA20_C                                  B46E                       rel    1
INTVEC                                 FF80 - FFFB              7C   com    1
RESET                                  FFFE - FFFF               2   rel    1

                ****************************************
                *                                      *
                *        END OF CROSS REFERENCE        *
                *                                      *
                ****************************************

 25 974 bytes of CODE  memory
  4 103 bytes of DATA  memory (+ 36 absolute )
  3 956 bytes of CONST memory

Errors: none
Warnings: none

